Flutter crash report.
Please report a bug at https://github.com/flutter/flutter/issues.

## command

flutter run -d web-server

## exception

_TypeError: Null check operator used on a null value

```
#0      ResidentHandlers.debugToggleProfileWidgetBuilds (package:flutter_tools/src/resident_runner.dart:886:62)
#1      TerminalHandler._commonTerminalInputHandler (package:flutter_tools/src/resident_runner.dart:1793:31)
#2      TerminalHandler.processTerminalInput (package:flutter_tools/src/resident_runner.dart:1906:13)
#3      _rootRunUnary (dart:async/zone_root.dart:48:47)
#4      _CustomZone.runUnary (dart:async/zone.dart:733:19)
#5      _CustomZone.runUnaryGuarded (dart:async/zone.dart:633:7)
#6      _BufferingStreamSubscription._sendData (dart:async/stream_impl.dart:381:11)
#7      _BufferingStreamSubscription._add (dart:async/stream_impl.dart:312:7)
#8      _SyncBroadcastStreamController._sendData (dart:async/broadcast_stream_controller.dart:385:25)
#9      _BroadcastStreamController.add (dart:async/broadcast_stream_controller.dart:257:5)
#10     _AsBroadcastStreamController.add (dart:async/broadcast_stream_controller.dart:488:11)
#11     _rootRunUnary (dart:async/zone_root.dart:48:47)
#12     _CustomZone.runUnary (dart:async/zone.dart:733:19)
#13     _CustomZone.runUnaryGuarded (dart:async/zone.dart:633:7)
#14     _BufferingStreamSubscription._sendData (dart:async/stream_impl.dart:381:11)
#15     _BufferingStreamSubscription._add (dart:async/stream_impl.dart:312:7)
#16     _SinkTransformerStreamSubscription._add (dart:async/stream_transformers.dart:67:11)
#17     _EventSinkWrapper.add (dart:async/stream_transformers.dart:13:11)
#18     _StringAdapterSink.add (dart:convert/string_conversion.dart:228:11)
#19     _StringAdapterSink.addSlice (dart:convert/string_conversion.dart:233:7)
#20     _Utf8ConversionSink.addSlice (dart:convert/string_conversion.dart:313:20)
#21     _ErrorHandlingAsciiDecoderSink.addSlice (dart:convert/ascii.dart:285:17)
#22     _ErrorHandlingAsciiDecoderSink.add (dart:convert/ascii.dart:271:5)
#23     _ConverterStreamEventSink.add (dart:convert/chunked_conversion.dart:70:18)
#24     _SinkTransformerStreamSubscription._handleData (dart:async/stream_transformers.dart:115:24)
#25     _rootRunUnary (dart:async/zone_root.dart:48:47)
#26     _CustomZone.runUnary (dart:async/zone.dart:733:19)
#27     _CustomZone.runUnaryGuarded (dart:async/zone.dart:633:7)
#28     _BufferingStreamSubscription._sendData (dart:async/stream_impl.dart:381:11)
#29     _BufferingStreamSubscription._add (dart:async/stream_impl.dart:312:7)
#30     _SyncStreamControllerDispatch._sendData (dart:async/stream_controller.dart:798:19)
#31     _StreamController._add (dart:async/stream_controller.dart:663:7)
#32     _StreamController.add (dart:async/stream_controller.dart:618:5)
#33     _Socket._onData (dart:io-patch/socket_patch.dart:2874:41)
#34     _rootRunUnary (dart:async/zone_root.dart:56:13)
#35     _CustomZone.runUnary (dart:async/zone.dart:733:19)
#36     _CustomZone.runUnaryGuarded (dart:async/zone.dart:633:7)
#37     _BufferingStreamSubscription._sendData (dart:async/stream_impl.dart:381:11)
#38     _BufferingStreamSubscription._add (dart:async/stream_impl.dart:312:7)
#39     _SyncStreamControllerDispatch._sendData (dart:async/stream_controller.dart:798:19)
#40     _StreamController._add (dart:async/stream_controller.dart:663:7)
#41     _StreamController.add (dart:async/stream_controller.dart:618:5)
#42     new _RawSocket.<anonymous closure> (dart:io-patch/socket_patch.dart:2312:31)
#43     _NativeSocket.issueReadEvent.issue (dart:io-patch/socket_patch.dart:1647:14)
#44     _microtaskLoop (dart:async/schedule_microtask.dart:40:35)
#45     _startMicrotaskLoop (dart:async/schedule_microtask.dart:49:5)
#46     _runPendingImmediateCallback (dart:isolate-patch/isolate_patch.dart:127:13)
#47     _RawReceivePort._handleMessage (dart:isolate-patch/isolate_patch.dart:194:5)
```

## flutter doctor

```
[32m[✓][39m Flutter (Channel stable, 3.41.6, on Ubuntu 24.04.3 LTS 6.17.0-23-generic, locale pt_BR.UTF-8) [79ms]
    [32m•[39m Flutter version 3.41.6 on channel stable at /home/thiago-braga/development/flutter
    [32m•[39m Upstream repository https://github.com/flutter/flutter.git
    [32m•[39m Framework revision db50e20168 (3 months ago), 2026-03-25 16:21:00 -0700
    [32m•[39m Engine revision 425cfb54d0
    [32m•[39m Dart version 3.11.4
    [32m•[39m DevTools version 2.54.2
    [32m•[39m Feature flags: enable-web, enable-linux-desktop, enable-macos-desktop, enable-windows-desktop, enable-android, enable-ios, cli-animations, enable-native-assets,
      omit-legacy-version-file, enable-lldb-debugging, enable-uiscene-migration

[31m[✗][39m Android toolchain - develop for Android devices [38ms]
    [31m✗[39m Unable to locate Android SDK.
      Install Android Studio from: https://developer.android.com/studio/index.html
      On first launch it will assist you in installing the Android SDK components.
      (or visit https://flutter.dev/to/linux-android-setup for detailed instructions).
      If the Android SDK has been installed to a custom location, please use
      `flutter config --android-sdk` to update to that location.


[31m[✗][39m Chrome - develop for the web (Cannot find Chrome executable at google-chrome) [18ms]
    [33m![39m Cannot find Chrome. Try setting CHROME_EXECUTABLE to a Chrome executable.

[31m[✗][39m Linux toolchain - develop for Linux desktop [46ms]
    [31m✗[39m clang++ is required for Linux development.
      It is likely available from your distribution (e.g.: apt install clang), or can be downloaded from https://releases.llvm.org/
    [31m✗[39m CMake is required for Linux development.
      It is likely available from your distribution (e.g.: apt install cmake), or can be downloaded from https://cmake.org/download/
    [31m✗[39m ninja is required for Linux development.
      It is likely available from your distribution (e.g.: apt install ninja-build), or can be downloaded from https://github.com/ninja-build/ninja/releases
    [31m✗[39m pkg-config is required for Linux development.
      It is likely available from your distribution (e.g.: apt install pkg-config), or can be downloaded from https://www.freedesktop.org/wiki/Software/pkg-config/

[32m[✓][39m Connected device (2 available) [46ms]
    [32m•[39m Linux (desktop)  • linux      • linux-x64      • Ubuntu 24.04.3 LTS 6.17.0-23-generic
    [32m•[39m Web Server (web) • web-server • web-javascript • Flutter Tools

[32m[✓][39m Network resources [897ms]
    [32m•[39m All expected network resources are available.

[33m![39m Doctor found issues in 3 categories.
```
